// Jest Snapshot v1, https://goo.gl/fbAQLP

exports[`Basic Dialog Snapshot 1`] = `
<body
  style="overflow: hidden;"
>
  <div />
  <div
    id="__REACT__SPRING__DIALOG__PORTAL__CONTAINER__"
  >
    <div
      data-id="react__spring__dialog__container__:r0:"
      data-testid="react-spring-dialog-container"
      style="position: fixed; top: 0px; left: 0px; width: 100%; height: 100%; display: flex; justify-content: center; align-items: center; z-index: 999999;"
    >
      <div
        data-testid="react-spring-dialog-backdrop"
        style="opacity: 1; position: absolute; top: 0px; left: 0px; width: 100%; height: 100%; z-index: -1; will-change: opacity; background-color: rgba(0, 0, 0, 0.72);"
      />
      <div
        aria-modal="true"
        data-target="__react__spring__dialog__-:r0:"
        data-testid="react-spring-dialog-wrapper"
        role="dialog"
        style="opacity: 1; will-change: transform, opacity;"
      >
        <div>
          Dialog example
        </div>
        <button>
          HIDE
        </button>
      </div>
    </div>
  </div>
</body>
`;
